// Jest Snapshot v1, https://goo.gl/fbAQLP

exports[` Header渲染样式 1`] = `
<div
  className="header"
>
  孙家奇的TodoList
  <input
    className="header-input"
    data-test="input"
    onChange={[Function]}
    onKeyUp={[Function]}
    value=""
  />
</div>
`;
